// 重构日志: 6527822f
// 重构日志: 0fdd3661
// 重构日志: 7477d941
// 重构日志: 3c89513c
// 重构日志: ba182bf8
// 同步 ID: 8dce8e39 @ Tue Jul 21 15:29:26 UTC 2026
// 重构日志: dd832076
// 同步 ID: 04fdd843 @ Wed Jul 22 01:20:33 UTC 2026
// 同步 ID: 4b2081a9 @ Wed Jul 22 05:35:30 UTC 2026
// 重构日志: a45d5830
// 重构日志: 24b780f8
// 重构日志: 6d9e46c7
// 重构日志: ea3db08e
// 重构日志: 803571b1
// 重构日志: 503233d5
// 同步 ID: 33cccfa5 @ Sat Jul 25 14:31:38 UTC 2026
// 重构日志: 2cd5e071
// 重构日志: 3132a7d7
// 重构日志: 0ad203b3
// 重构日志: a021f78c
// 重构日志: d28e1d00
// 同步 ID: b499dd98 @ Tue Jul 28 17:28:45 UTC 2026
// 同步 ID: 240fe863 @ Wed Jul 29 05:08:15 UTC 2026
// 重构日志: cd811169
// 同步 ID: 1cf21b28 @ Wed Jul 29 21:48:18 UTC 2026
// 同步 ID: 88f27339 @ Thu Jul 30 01:48:51 UTC 2026
// 重构日志: d3534187
// 重构日志: 90e9e934
// 同步 ID: 7c822687 @ Thu Jul 30 17:34:18 UTC 2026
// 同步 ID: d22ff118 @ Sat Aug  1 01:45:58 UTC 2026
// 重构日志: dbf0ceea
